theia@theiadocker-hirewillieco:~$ ls -l /home/theia/backups
total 1852
-rw-r--r-- 1 theia theia 627900 Jul 30 17:42 all-database-30-07-2025_17-42-01.gz
-rw-r--r-- 1 theia theia 627900 Jul 30 17:44 all-database-30-07-2025_17-44-01.gz
-rw-r--r-- 1 theia theia 627900 Jul 30 17:46 all-database-30-07-2025_17-46-01.gz
-rw-r--r-- 1 theia theia   3851 Jul 30 18:20 all-database-30-07-2025_18-20-01.gz
theia@theiadocker-hirewillieco:~$ gunzip /home/theia/backups/all-database-30-07-2025_17-42-01.gz
theia@theiadocker-hirewillieco:~$ mysql sakila < /home/theia/backups/all-database-30-07-2025_17-44-01
bash: /home/theia/backups/all-database-30-07-2025_17-44-01: No such file or directory
theia@theiadocker-hirewillieco:~$ mysql sakila < /home/theia/backups/all-database-30-07-2025_17-42-01
theia@theiadocker-hirewillieco:~$ mysql
Welcome to the MySQL monitor.  Commands end with ; or \g.
Your MySQL connection id is 9395
Server version: 8.0.37 MySQL Community Server - GPL

Copyright (c) 2000, 2025, Oracle and/or its affiliates.

Oracle is a registered trademark of Oracle Corporation and/or its
affiliates. Other names may be trademarks of their respective
owners.

Type 'help;' or '\h' for help. Type '\c' to clear the current input statement.

mysql>  use sakila;
Reading table information for completion of table and column names
You can turn off this feature to get a quicker startup with -A

Database changed
mysql>   select * from staff;
+----------+------------+-----------+------------+------------------+------------------------------+----------+--------+----------+------------------------------------------+---------------------+
| staff_id | first_name | last_name | address_id | picture          | email                        | store_id | active | username | password                                 | last_update         |
+----------+------------+-----------+------------+------------------+------------------------------+----------+--------+----------+------------------------------------------+---------------------+
|        1 | Mike       | Hillyer   |          3 | NULL             | Mike.Hillyer@sakilastaff.com |        1 |      1 | Mike     | 8cb2237d0679ca88db6464eac60da96345513964 | 2006-02-15 11:57:16 |
|        2 | Jon        | Stephens  |          4 | NULL             | Jon.Stephens@sakilastaff.com |        2 |      1 | Jon      | 8cb2237d0679ca88db6464eac60da96345513964 | 2006-02-15 11:57:16 |
+----------+------------+-----------+------------+------------------+------------------------------+----------+--------+----------+------------------------------------------+---------------------+
2 rows in set (0.00 sec)


mysql> \q
Bye
theia@theiadocker-hirewillieco:~$ 